// Jest Snapshot v1, https://goo.gl/fbAQLP

exports[`test SnapShot 1`] = `
<div
  className="sc-bczRLJ inrKHO"
  data-testid="test"
  onClick={null}
>
  Button
</div>
`;
