// Jest Snapshot v1, https://goo.gl/fbAQLP

exports[`test SnapShot 1`] = `
Array [
  <div
    className="sc-bczRLJ duYrqX"
    onClick={null}
  />,
  <div
    className="sc-gsnTZi giEWGm modal"
  >
    <div
      className="sc-hKMtZM cDhhft"
    >
      <h1>
        header
      </h1>
    </div>
    <div
      className="sc-eCYdqJ frHuIF"
    >
      <p>
        text
      </p>
    </div>
    <div
      className="sc-jSMfEi ivhTau"
    >
      <button />
    </div>
  </div>,
]
`;
