// Jest Snapshot v1, https://goo.gl/fbAQLP

exports[`test SnapShot 1`] = `
<div
  className="sc-bczRLJ jUZZee"
  data-testid="test"
  id="test-element"
/>
`;
